Archive member included to satisfy reference by file (symbol)

c:/program files (x86)/atmel/studio/7.0/toolchain/avr8/avr8-gnu-toolchain/bin/../lib/gcc/avr/5.4.0/../../../../avr/lib/avr5\libm.a(addsf3.o)
                              ESC_BLHeli.o (__subsf3)
c:/program files (x86)/atmel/studio/7.0/toolchain/avr8/avr8-gnu-toolchain/bin/../lib/gcc/avr/5.4.0/../../../../avr/lib/avr5\libm.a(addsf3x.o)
                              c:/program files (x86)/atmel/studio/7.0/toolchain/avr8/avr8-gnu-toolchain/bin/../lib/gcc/avr/5.4.0/../../../../avr/lib/avr5\libm.a(addsf3.o) (__addsf3x)
c:/program files (x86)/atmel/studio/7.0/toolchain/avr8/avr8-gnu-toolchain/bin/../lib/gcc/avr/5.4.0/../../../../avr/lib/avr5\libm.a(divsf3.o)
                              ESC_BLHeli.o (__divsf3)
c:/program files (x86)/atmel/studio/7.0/toolchain/avr8/avr8-gnu-toolchain/bin/../lib/gcc/avr/5.4.0/../../../../avr/lib/avr5\libm.a(divsf3x.o)
                              c:/program files (x86)/atmel/studio/7.0/toolchain/avr8/avr8-gnu-toolchain/bin/../lib/gcc/avr/5.4.0/../../../../avr/lib/avr5\libm.a(divsf3.o) (__divsf3x)
c:/program files (x86)/atmel/studio/7.0/toolchain/avr8/avr8-gnu-toolchain/bin/../lib/gcc/avr/5.4.0/../../../../avr/lib/avr5\libm.a(fixunssfsi.o)
                              MCAL_TIMER0.o (__fixunssfsi)
c:/program files (x86)/atmel/studio/7.0/toolchain/avr8/avr8-gnu-toolchain/bin/../lib/gcc/avr/5.4.0/../../../../avr/lib/avr5\libm.a(floatsisf.o)
                              ESC_BLHeli.o (__floatsisf)
c:/program files (x86)/atmel/studio/7.0/toolchain/avr8/avr8-gnu-toolchain/bin/../lib/gcc/avr/5.4.0/../../../../avr/lib/avr5\libm.a(fp_inf.o)
                              c:/program files (x86)/atmel/studio/7.0/toolchain/avr8/avr8-gnu-toolchain/bin/../lib/gcc/avr/5.4.0/../../../../avr/lib/avr5\libm.a(addsf3x.o) (__fp_inf)
c:/program files (x86)/atmel/studio/7.0/toolchain/avr8/avr8-gnu-toolchain/bin/../lib/gcc/avr/5.4.0/../../../../avr/lib/avr5\libm.a(fp_nan.o)
                              c:/program files (x86)/atmel/studio/7.0/toolchain/avr8/avr8-gnu-toolchain/bin/../lib/gcc/avr/5.4.0/../../../../avr/lib/avr5\libm.a(addsf3x.o) (__fp_nan)
c:/program files (x86)/atmel/studio/7.0/toolchain/avr8/avr8-gnu-toolchain/bin/../lib/gcc/avr/5.4.0/../../../../avr/lib/avr5\libm.a(fp_pscA.o)
                              c:/program files (x86)/atmel/studio/7.0/toolchain/avr8/avr8-gnu-toolchain/bin/../lib/gcc/avr/5.4.0/../../../../avr/lib/avr5\libm.a(addsf3x.o) (__fp_pscA)
c:/program files (x86)/atmel/studio/7.0/toolchain/avr8/avr8-gnu-toolchain/bin/../lib/gcc/avr/5.4.0/../../../../avr/lib/avr5\libm.a(fp_pscB.o)
                              c:/program files (x86)/atmel/studio/7.0/toolchain/avr8/avr8-gnu-toolchain/bin/../lib/gcc/avr/5.4.0/../../../../avr/lib/avr5\libm.a(addsf3x.o) (__fp_pscB)
c:/program files (x86)/atmel/studio/7.0/toolchain/avr8/avr8-gnu-toolchain/bin/../lib/gcc/avr/5.4.0/../../../../avr/lib/avr5\libm.a(fp_round.o)
                              c:/program files (x86)/atmel/studio/7.0/toolchain/avr8/avr8-gnu-toolchain/bin/../lib/gcc/avr/5.4.0/../../../../avr/lib/avr5\libm.a(addsf3.o) (__fp_round)
c:/program files (x86)/atmel/studio/7.0/toolchain/avr8/avr8-gnu-toolchain/bin/../lib/gcc/avr/5.4.0/../../../../avr/lib/avr5\libm.a(fp_split3.o)
                              c:/program files (x86)/atmel/studio/7.0/toolchain/avr8/avr8-gnu-toolchain/bin/../lib/gcc/avr/5.4.0/../../../../avr/lib/avr5\libm.a(addsf3x.o) (__fp_split3)
c:/program files (x86)/atmel/studio/7.0/toolchain/avr8/avr8-gnu-toolchain/bin/../lib/gcc/avr/5.4.0/../../../../avr/lib/avr5\libm.a(fp_zero.o)
                              c:/program files (x86)/atmel/studio/7.0/toolchain/avr8/avr8-gnu-toolchain/bin/../lib/gcc/avr/5.4.0/../../../../avr/lib/avr5\libm.a(addsf3x.o) (__fp_zero)
c:/program files (x86)/atmel/studio/7.0/toolchain/avr8/avr8-gnu-toolchain/bin/../lib/gcc/avr/5.4.0/../../../../avr/lib/avr5\libm.a(gesf2.o)
                              MCAL_TIMER0.o (__gtsf2)
c:/program files (x86)/atmel/studio/7.0/toolchain/avr8/avr8-gnu-toolchain/bin/../lib/gcc/avr/5.4.0/../../../../avr/lib/avr5\libm.a(mulsf3.o)
                              ESC_BLHeli.o (__mulsf3)
c:/program files (x86)/atmel/studio/7.0/toolchain/avr8/avr8-gnu-toolchain/bin/../lib/gcc/avr/5.4.0/../../../../avr/lib/avr5\libm.a(mulsf3x.o)
                              c:/program files (x86)/atmel/studio/7.0/toolchain/avr8/avr8-gnu-toolchain/bin/../lib/gcc/avr/5.4.0/../../../../avr/lib/avr5\libm.a(mulsf3.o) (__mulsf3x)
c:/program files (x86)/atmel/studio/7.0/toolchain/avr8/avr8-gnu-toolchain/bin/../lib/gcc/avr/5.4.0/../../../../avr/lib/avr5\libm.a(fp_cmp.o)
                              c:/program files (x86)/atmel/studio/7.0/toolchain/avr8/avr8-gnu-toolchain/bin/../lib/gcc/avr/5.4.0/../../../../avr/lib/avr5\libm.a(gesf2.o) (__fp_cmp)
c:/program files (x86)/atmel/studio/7.0/toolchain/avr8/avr8-gnu-toolchain/bin/../lib/gcc/avr/5.4.0/avr5\libgcc.a(_udivmodsi4.o)
                              MCAL_TIMER0.o (__udivmodsi4)
c:/program files (x86)/atmel/studio/7.0/toolchain/avr8/avr8-gnu-toolchain/bin/../lib/gcc/avr/5.4.0/avr5\libgcc.a(_exit.o)
                              C:/Program Files (x86)/Atmel/Studio/7.0/Packs/atmel/ATmega_DFP/1.6.364/gcc/dev/atmega328p/avr5/crtatmega328p.o (exit)
c:/program files (x86)/atmel/studio/7.0/toolchain/avr8/avr8-gnu-toolchain/bin/../lib/gcc/avr/5.4.0/avr5\libgcc.a(_copy_data.o)
                              crc8.o (__do_copy_data)
c:/program files (x86)/atmel/studio/7.0/toolchain/avr8/avr8-gnu-toolchain/bin/../lib/gcc/avr/5.4.0/avr5\libgcc.a(_clear_bss.o)
                              ESC_BLHeli.o (__do_clear_bss)
c:/program files (x86)/atmel/studio/7.0/toolchain/avr8/avr8-gnu-toolchain/bin/../lib/gcc/avr/5.4.0/../../../../avr/lib/avr5\libc.a(malloc.o)
                              LPC_Slave.o (malloc)
c:/program files (x86)/atmel/studio/7.0/toolchain/avr8/avr8-gnu-toolchain/bin/../lib/gcc/avr/5.4.0/../../../../avr/lib/avr5\libc.a(memcpy.o)
                              queue.o (memcpy)

Allocating common symbols
Common symbol       size              file

x                   0x10              StateSpaceController_SL.o
__brkval            0x2               c:/program files (x86)/atmel/studio/7.0/toolchain/avr8/avr8-gnu-toolchain/bin/../lib/gcc/avr/5.4.0/../../../../avr/lib/avr5\libc.a(malloc.o)
stateVector         0x10              main.o
referenceAngle      0x8               main.o
__flp               0x2               c:/program files (x86)/atmel/studio/7.0/toolchain/avr8/avr8-gnu-toolchain/bin/../lib/gcc/avr/5.4.0/../../../../avr/lib/avr5\libc.a(malloc.o)
u                   0x8               StateSpaceController_SL.o
ESCValues           0x8               main.o
controllerTaskHandle
                    0x2               main.o

Discarded input sections

 .data          0x00000000        0x0 C:/Program Files (x86)/Atmel/Studio/7.0/Packs/atmel/ATmega_DFP/1.6.364/gcc/dev/atmega328p/avr5/crtatmega328p.o
 .bss           0x00000000        0x0 C:/Program Files (x86)/Atmel/Studio/7.0/Packs/atmel/ATmega_DFP/1.6.364/gcc/dev/atmega328p/avr5/crtatmega328p.o
 .text          0x00000000        0x0 crc8.o
 .data          0x00000000        0x0 crc8.o
 .bss           0x00000000        0x0 crc8.o
 .text          0x00000000        0x0 ESC_BLHeli.o
 .data          0x00000000        0x0 ESC_BLHeli.o
 .bss           0x00000000        0x0 ESC_BLHeli.o
 .text          0x00000000        0x0 ESC_SimonK.o
 .data          0x00000000        0x0 ESC_SimonK.o
 .bss           0x00000000        0x0 ESC_SimonK.o
 .text          0x00000000        0x0 heap_1.o
 .data          0x00000000        0x0 heap_1.o
 .bss           0x00000000        0x0 heap_1.o
 .text.vPortInitialiseBlocks
                0x00000000        0xa heap_1.o
 .text.xPortGetFreeHeapSize
                0x00000000       0x12 heap_1.o
 .text          0x00000000        0x0 list.o
 .data          0x00000000        0x0 list.o
 .bss           0x00000000        0x0 list.o
 .text          0x00000000        0x0 LPC_Slave.o
 .data          0x00000000        0x0 LPC_Slave.o
 .bss           0x00000000        0x0 LPC_Slave.o
 .text.get_current_mode
                0x00000000        0x6 LPC_Slave.o
 .text          0x00000000        0x0 main.o
 .data          0x00000000        0x0 main.o
 .bss           0x00000000        0x0 main.o
 .text          0x00000000        0x0 MCAL_TIMER0.o
 .data          0x00000000        0x0 MCAL_TIMER0.o
 .bss           0x00000000        0x0 MCAL_TIMER0.o
 .text.disableTimer0
                0x00000000       0x10 MCAL_TIMER0.o
 .text          0x00000000        0x0 MCAL_TIMER2.o
 .data          0x00000000        0x0 MCAL_TIMER2.o
 .bss           0x00000000        0x0 MCAL_TIMER2.o
 .text.disableTimer2
                0x00000000       0x18 MCAL_TIMER2.o
 .text          0x00000000        0x0 port.o
 .data          0x00000000        0x0 port.o
 .bss           0x00000000        0x0 port.o
 .text.vPortEndScheduler
                0x00000000        0x2 port.o
 .text          0x00000000        0x0 queue.o
 .data          0x00000000        0x0 queue.o
 .bss           0x00000000        0x0 queue.o
 .text.prvGetDisinheritPriorityAfterTimeout
                0x00000000       0x20 queue.o
 .text.prvIsQueueEmpty
                0x00000000       0x1a queue.o
 .text.prvIsQueueFull
                0x00000000       0x1c queue.o
 .text.prvCopyDataToQueue
                0x00000000       0xbe queue.o
 .text.prvCopyDataFromQueue
                0x00000000       0x34 queue.o
 .text.prvUnlockQueue
                0x00000000       0x68 queue.o
 .text.xQueueGenericReset
                0x00000000       0x8c queue.o
 .text.prvInitialiseNewQueue
                0x00000000       0x26 queue.o
 .text.xQueueGenericCreate
                0x00000000       0x4a queue.o
 .text.xQueueGenericSend
                0x00000000      0x124 queue.o
 .text.prvInitialiseMutex
                0x00000000       0x20 queue.o
 .text.xQueueCreateMutex
                0x00000000       0x1c queue.o
 .text.xQueueGenericSendFromISR
                0x00000000       0x78 queue.o
 .text.xQueueGiveFromISR
                0x00000000       0x52 queue.o
 .text.xQueueReceive
                0x00000000      0x11e queue.o
 .text.xQueueSemaphoreTake
                0x00000000      0x162 queue.o
 .text.xQueuePeek
                0x00000000      0x122 queue.o
 .text.xQueueReceiveFromISR
                0x00000000       0x6e queue.o
 .text.xQueuePeekFromISR
                0x00000000       0x2e queue.o
 .text.uxQueueMessagesWaiting
                0x00000000       0x10 queue.o
 .text.uxQueueSpacesAvailable
                0x00000000       0x16 queue.o
 .text.uxQueueMessagesWaitingFromISR
                0x00000000        0x6 queue.o
 .text.vQueueDelete
                0x00000000        0x6 queue.o
 .text.xQueueIsQueueEmptyFromISR
                0x00000000       0x10 queue.o
 .text.xQueueIsQueueFullFromISR
                0x00000000       0x12 queue.o
 .debug_info    0x00000000     0x1629 queue.o
 .debug_abbrev  0x00000000      0x227 queue.o
 .debug_loc     0x00000000     0x18fd queue.o
 .debug_aranges
                0x00000000       0xe0 queue.o
 .debug_ranges  0x00000000      0x118 queue.o
 .debug_line    0x00000000      0xb07 queue.o
 .debug_str     0x00000000      0x889 queue.o
 .comment       0x00000000       0x31 queue.o
 .debug_frame   0x00000000      0x324 queue.o
 .text          0x00000000        0x0 SPI_Slave.o
 .data          0x00000000        0x0 SPI_Slave.o
 .bss           0x00000000        0x0 SPI_Slave.o
 .text          0x00000000        0x0 StateSpaceController_SL.o
 .data          0x00000000        0x0 StateSpaceController_SL.o
 .bss           0x00000000        0x0 StateSpaceController_SL.o
 .text.add      0x00000000       0xa4 StateSpaceController_SL.o
 .rodata.col_r  0x00000000        0x2 StateSpaceController_SL.o
 .rodata.row_r  0x00000000        0x2 StateSpaceController_SL.o
 .rodata.col_k  0x00000000        0x2 StateSpaceController_SL.o
 .rodata.row_k  0x00000000        0x2 StateSpaceController_SL.o
 .rodata.col_d  0x00000000        0x2 StateSpaceController_SL.o
 .rodata.row_d  0x00000000        0x2 StateSpaceController_SL.o
 .bss.D         0x00000000       0x20 StateSpaceController_SL.o
 .rodata.col_c  0x00000000        0x2 StateSpaceController_SL.o
 .rodata.row_c  0x00000000        0x2 StateSpaceController_SL.o
 .data.C        0x00000000       0x20 StateSpaceController_SL.o
 .rodata.col_b  0x00000000        0x2 StateSpaceController_SL.o
 .rodata.row_b  0x00000000        0x2 StateSpaceController_SL.o
 .data.B        0x00000000       0x20 StateSpaceController_SL.o
 .rodata.col_a  0x00000000        0x2 StateSpaceController_SL.o
 .rodata.row_a  0x00000000        0x2 StateSpaceController_SL.o
 .data.A        0x00000000       0x40 StateSpaceController_SL.o
 .rodata.col_dt
                0x00000000        0x2 StateSpaceController_SL.o
 .rodata.row_dt
                0x00000000        0x2 StateSpaceController_SL.o
 .data.dt       0x00000000        0x4 StateSpaceController_SL.o
 .rodata.col_u  0x00000000        0x2 StateSpaceController_SL.o
 .rodata.row_u  0x00000000        0x2 StateSpaceController_SL.o
 .rodata.col_x  0x00000000        0x2 StateSpaceController_SL.o
 .rodata.row_x  0x00000000        0x2 StateSpaceController_SL.o
 .text          0x00000000        0x0 tasks.o
 .data          0x00000000        0x0 tasks.o
 .bss           0x00000000        0x0 tasks.o
 .text.vTaskEndScheduler
                0x00000000        0xc tasks.o
 .text.xTaskGetTickCountFromISR
                0x00000000        0xa tasks.o
 .text.uxTaskGetNumberOfTasks
                0x00000000        0x6 tasks.o
 .text.pcTaskGetName
                0x00000000       0x10 tasks.o
 .text.xTaskCatchUpTicks
                0x00000000       0x28 tasks.o
 .text.vTaskPlaceOnEventList
                0x00000000       0x24 tasks.o
 .text.vTaskPlaceOnUnorderedEventList
                0x00000000       0x32 tasks.o
 .text.xTaskRemoveFromEventList
                0x00000000       0x90 tasks.o
 .text.vTaskRemoveFromUnorderedEventList
                0x00000000       0x70 tasks.o
 .text.vTaskSetTimeOutState
                0x00000000       0x20 tasks.o
 .text.vTaskInternalSetTimeOutState
                0x00000000       0x16 tasks.o
 .text.xTaskCheckForTimeOut
                0x00000000       0x64 tasks.o
 .text.vTaskMissedYield
                0x00000000        0x8 tasks.o
 .text.xTaskGetCurrentTaskHandle
                0x00000000        0xa tasks.o
 .text.xTaskPriorityInherit
                0x00000000       0xe4 tasks.o
 .text.xTaskPriorityDisinherit
                0x00000000       0x80 tasks.o
 .text.vTaskPriorityDisinheritAfterTimeout
                0x00000000       0xa0 tasks.o
 .text.uxTaskResetEventItemValue
                0x00000000       0x2e tasks.o
 .text.pvTaskIncrementMutexHeldCount
                0x00000000       0x24 tasks.o
 .text.ulTaskGenericNotifyTake
                0x00000000      0x106 tasks.o
 .text.xTaskGenericNotifyFromISR
                0x00000000      0x18c tasks.o
 .text.vTaskGenericNotifyGiveFromISR
                0x00000000       0xd0 tasks.o
 .text.xTaskGenericNotifyStateClear
                0x00000000       0x34 tasks.o
 .text.ulTaskGenericNotifyValueClear
                0x00000000       0x6c tasks.o
 .text          0x00000000        0x0 c:/program files (x86)/atmel/studio/7.0/toolchain/avr8/avr8-gnu-toolchain/bin/../lib/gcc/avr/5.4.0/../../../../avr/lib/avr5\libm.a(addsf3.o)
 .data          0x00000000        0x0 c:/program files (x86)/atmel/studio/7.0/toolchain/avr8/avr8-gnu-toolchain/bin/../lib/gcc/avr/5.4.0/../../../../avr/lib/avr5\libm.a(addsf3.o)
 .bss           0x00000000        0x0 c:/program files (x86)/atmel/studio/7.0/toolchain/avr8/avr8-gnu-toolchain/bin/../lib/gcc/avr/5.4.0/../../../../avr/lib/avr5\libm.a(addsf3.o)
 .text          0x00000000        0x0 c:/program files (x86)/atmel/studio/7.0/toolchain/avr8/avr8-gnu-toolchain/bin/../lib/gcc/avr/5.4.0/../../../../avr/lib/avr5\libm.a(addsf3x.o)
 .data          0x00000000        0x0 c:/program files (x86)/atmel/studio/7.0/toolchain/avr8/avr8-gnu-toolchain/bin/../lib/gcc/avr/5.4.0/../../../../avr/lib/avr5\libm.a(addsf3x.o)
 .bss           0x00000000        0x0 c:/program files (x86)/atmel/studio/7.0/toolchain/avr8/avr8-gnu-toolchain/bin/../lib/gcc/avr/5.4.0/../../../../avr/lib/avr5\libm.a(addsf3x.o)
 .text          0x00000000        0x0 c:/program files (x86)/atmel/studio/7.0/toolchain/avr8/avr8-gnu-toolchain/bin/../lib/gcc/avr/5.4.0/../../../../avr/lib/avr5\libm.a(divsf3.o)
 .data          0x00000000        0x0 c:/program files (x86)/atmel/studio/7.0/toolchain/avr8/avr8-gnu-toolchain/bin/../lib/gcc/avr/5.4.0/../../../../avr/lib/avr5\libm.a(divsf3.o)
 .bss           0x00000000        0x0 c:/program files (x86)/atmel/studio/7.0/toolchain/avr8/avr8-gnu-toolchain/bin/../lib/gcc/avr/5.4.0/../../../../avr/lib/avr5\libm.a(divsf3.o)
 .text          0x00000000        0x0 c:/program files (x86)/atmel/studio/7.0/toolchain/avr8/avr8-gnu-toolchain/bin/../lib/gcc/avr/5.4.0/../../../../avr/lib/avr5\libm.a(divsf3x.o)
 .data          0x00000000        0x0 c:/program files (x86)/atmel/studio/7.0/toolchain/avr8/avr8-gnu-toolchain/bin/../lib/gcc/avr/5.4.0/../../../../avr/lib/avr5\libm.a(divsf3x.o)
 .bss           0x00000000        0x0 c:/program files (x86)/atmel/studio/7.0/toolchain/avr8/avr8-gnu-toolchain/bin/../lib/gcc/avr/5.4.0/../../../../avr/lib/avr5\libm.a(divsf3x.o)
 .text          0x00000000        0x0 c:/program files (x86)/atmel/studio/7.0/toolchain/avr8/avr8-gnu-toolchain/bin/../lib/gcc/avr/5.4.0/../../../../avr/lib/avr5\libm.a(fixunssfsi.o)
 .data          0x00000000        0x0 c:/program files (x86)/atmel/studio/7.0/toolchain/avr8/avr8-gnu-toolchain/bin/../lib/gcc/avr/5.4.0/../../../../avr/lib/avr5\libm.a(fixunssfsi.o)
 .bss           0x00000000        0x0 c:/program files (x86)/atmel/studio/7.0/toolchain/avr8/avr8-gnu-toolchain/bin/../lib/gcc/avr/5.4.0/../../../../avr/lib/avr5\libm.a(fixunssfsi.o)
 .text          0x00000000        0x0 c:/program files (x86)/atmel/studio/7.0/toolchain/avr8/avr8-gnu-toolchain/bin/../lib/gcc/avr/5.4.0/../../../../avr/lib/avr5\libm.a(floatsisf.o)
 .data          0x00000000        0x0 c:/program files (x86)/atmel/studio/7.0/toolchain/avr8/avr8-gnu-toolchain/bin/../lib/gcc/avr/5.4.0/../../../../avr/lib/avr5\libm.a(floatsisf.o)
 .bss           0x00000000        0x0 c:/program files (x86)/atmel/studio/7.0/toolchain/avr8/avr8-gnu-toolchain/bin/../lib/gcc/avr/5.4.0/../../../../avr/lib/avr5\libm.a(floatsisf.o)
 .text          0x00000000        0x0 c:/program files (x86)/atmel/studio/7.0/toolchain/avr8/avr8-gnu-toolchain/bin/../lib/gcc/avr/5.4.0/../../../../avr/lib/avr5\libm.a(fp_inf.o)
 .data          0x00000000        0x0 c:/program files (x86)/atmel/studio/7.0/toolchain/avr8/avr8-gnu-toolchain/bin/../lib/gcc/avr/5.4.0/../../../../avr/lib/avr5\libm.a(fp_inf.o)
 .bss           0x00000000        0x0 c:/program files (x86)/atmel/studio/7.0/toolchain/avr8/avr8-gnu-toolchain/bin/../lib/gcc/avr/5.4.0/../../../../avr/lib/avr5\libm.a(fp_inf.o)
 .text          0x00000000        0x0 c:/program files (x86)/atmel/studio/7.0/toolchain/avr8/avr8-gnu-toolchain/bin/../lib/gcc/avr/5.4.0/../../../../avr/lib/avr5\libm.a(fp_nan.o)
 .data          0x00000000        0x0 c:/program files (x86)/atmel/studio/7.0/toolchain/avr8/avr8-gnu-toolchain/bin/../lib/gcc/avr/5.4.0/../../../../avr/lib/avr5\libm.a(fp_nan.o)
 .bss           0x00000000        0x0 c:/program files (x86)/atmel/studio/7.0/toolchain/avr8/avr8-gnu-toolchain/bin/../lib/gcc/avr/5.4.0/../../../../avr/lib/avr5\libm.a(fp_nan.o)
 .text          0x00000000        0x0 c:/program files (x86)/atmel/studio/7.0/toolchain/avr8/avr8-gnu-toolchain/bin/../lib/gcc/avr/5.4.0/../../../../avr/lib/avr5\libm.a(fp_pscA.o)
 .data          0x00000000        0x0 c:/program files (x86)/atmel/studio/7.0/toolchain/avr8/avr8-gnu-toolchain/bin/../lib/gcc/avr/5.4.0/../../../../avr/lib/avr5\libm.a(fp_pscA.o)
 .bss           0x00000000        0x0 c:/program files (x86)/atmel/studio/7.0/toolchain/avr8/avr8-gnu-toolchain/bin/../lib/gcc/avr/5.4.0/../../../../avr/lib/avr5\libm.a(fp_pscA.o)
 .text          0x00000000        0x0 c:/program files (x86)/atmel/studio/7.0/toolchain/avr8/avr8-gnu-toolchain/bin/../lib/gcc/avr/5.4.0/../../../../avr/lib/avr5\libm.a(fp_pscB.o)
 .data          0x00000000        0x0 c:/program files (x86)/atmel/studio/7.0/toolchain/avr8/avr8-gnu-toolchain/bin/../lib/gcc/avr/5.4.0/../../../../avr/lib/avr5\libm.a(fp_pscB.o)
 .bss           0x00000000        0x0 c:/program files (x86)/atmel/studio/7.0/toolchain/avr8/avr8-gnu-toolchain/bin/../lib/gcc/avr/5.4.0/../../../../avr/lib/avr5\libm.a(fp_pscB.o)
 .text          0x00000000        0x0 c:/program files (x86)/atmel/studio/7.0/toolchain/avr8/avr8-gnu-toolchain/bin/../lib/gcc/avr/5.4.0/../../../../avr/lib/avr5\libm.a(fp_round.o)
 .data          0x00000000        0x0 c:/program files (x86)/atmel/studio/7.0/toolchain/avr8/avr8-gnu-toolchain/bin/../lib/gcc/avr/5.4.0/../../../../avr/lib/avr5\libm.a(fp_round.o)
 .bss           0x00000000        0x0 c:/program files (x86)/atmel/studio/7.0/toolchain/avr8/avr8-gnu-toolchain/bin/../lib/gcc/avr/5.4.0/../../../../avr/lib/avr5\libm.a(fp_round.o)
 .text          0x00000000        0x0 c:/program files (x86)/atmel/studio/7.0/toolchain/avr8/avr8-gnu-toolchain/bin/../lib/gcc/avr/5.4.0/../../../../avr/lib/avr5\libm.a(fp_split3.o)
 .data          0x00000000        0x0 c:/program files (x86)/atmel/studio/7.0/toolchain/avr8/avr8-gnu-toolchain/bin/../lib/gcc/avr/5.4.0/../../../../avr/lib/avr5\libm.a(fp_split3.o)
 .bss           0x00000000        0x0 c:/program files (x86)/atmel/studio/7.0/toolchain/avr8/avr8-gnu-toolchain/bin/../lib/gcc/avr/5.4.0/../../../../avr/lib/avr5\libm.a(fp_split3.o)
 .text          0x00000000        0x0 c:/program files (x86)/atmel/studio/7.0/toolchain/avr8/avr8-gnu-toolchain/bin/../lib/gcc/avr/5.4.0/../../../../avr/lib/avr5\libm.a(fp_zero.o)
 .data          0x00000000        0x0 c:/program files (x86)/atmel/studio/7.0/toolchain/avr8/avr8-gnu-toolchain/bin/../lib/gcc/avr/5.4.0/../../../../avr/lib/avr5\libm.a(fp_zero.o)
 .bss           0x00000000        0x0 c:/program files (x86)/atmel/studio/7.0/toolchain/avr8/avr8-gnu-toolchain/bin/../lib/gcc/avr/5.4.0/../../../../avr/lib/avr5\libm.a(fp_zero.o)
 .text          0x00000000        0x0 c:/program files (x86)/atmel/studio/7.0/toolchain/avr8/avr8-gnu-toolchain/bin/../lib/gcc/avr/5.4.0/../../../../avr/lib/avr5\libm.a(gesf2.o)
 .data          0x00000000        0x0 c:/program files (x86)/atmel/studio/7.0/toolchain/avr8/avr8-gnu-toolchain/bin/../lib/gcc/avr/5.4.0/../../../../avr/lib/avr5\libm.a(gesf2.o)
 .bss           0x00000000        0x0 c:/program files (x86)/atmel/studio/7.0/toolchain/avr8/avr8-gnu-toolchain/bin/../lib/gcc/avr/5.4.0/../../../../avr/lib/avr5\libm.a(gesf2.o)
 .text          0x00000000        0x0 c:/program files (x86)/atmel/studio/7.0/toolchain/avr8/avr8-gnu-toolchain/bin/../lib/gcc/avr/5.4.0/../../../../avr/lib/avr5\libm.a(mulsf3.o)
 .data          0x00000000        0x0 c:/program files (x86)/atmel/studio/7.0/toolchain/avr8/avr8-gnu-toolchain/bin/../lib/gcc/avr/5.4.0/../../../../avr/lib/avr5\libm.a(mulsf3.o)
 .bss           0x00000000        0x0 c:/program files (x86)/atmel/studio/7.0/toolchain/avr8/avr8-gnu-toolchain/bin/../lib/gcc/avr/5.4.0/../../../../avr/lib/avr5\libm.a(mulsf3.o)
 .text          0x00000000        0x0 c:/program files (x86)/atmel/studio/7.0/toolchain/avr8/avr8-gnu-toolchain/bin/../lib/gcc/avr/5.4.0/../../../../avr/lib/avr5\libm.a(mulsf3x.o)
 .data          0x00000000        0x0 c:/program files (x86)/atmel/studio/7.0/toolchain/avr8/avr8-gnu-toolchain/bin/../lib/gcc/avr/5.4.0/../../../../avr/lib/avr5\libm.a(mulsf3x.o)
 .bss           0x00000000        0x0 c:/program files (x86)/atmel/studio/7.0/toolchain/avr8/avr8-gnu-toolchain/bin/../lib/gcc/avr/5.4.0/../../../../avr/lib/avr5\libm.a(mulsf3x.o)
 .text          0x00000000        0x0 c:/program files (x86)/atmel/studio/7.0/toolchain/avr8/avr8-gnu-toolchain/bin/../lib/gcc/avr/5.4.0/../../../../avr/lib/avr5\libm.a(fp_cmp.o)
 .data          0x00000000        0x0 c:/program files (x86)/atmel/studio/7.0/toolchain/avr8/avr8-gnu-toolchain/bin/../lib/gcc/avr/5.4.0/../../../../avr/lib/avr5\libm.a(fp_cmp.o)
 .bss           0x00000000        0x0 c:/program files (x86)/atmel/studio/7.0/toolchain/avr8/avr8-gnu-toolchain/bin/../lib/gcc/avr/5.4.0/../../../../avr/lib/avr5\libm.a(fp_cmp.o)
 .text          0x00000000        0x0 c:/program files (x86)/atmel/studio/7.0/toolchain/avr8/avr8-gnu-toolchain/bin/../lib/gcc/avr/5.4.0/avr5\libgcc.a(_udivmodsi4.o)
 .data          0x00000000        0x0 c:/program files (x86)/atmel/studio/7.0/toolchain/avr8/avr8-gnu-toolchain/bin/../lib/gcc/avr/5.4.0/avr5\libgcc.a(_udivmodsi4.o)
 .bss           0x00000000        0x0 c:/program files (x86)/atmel/studio/7.0/toolchain/avr8/avr8-gnu-toolchain/bin/../lib/gcc/avr/5.4.0/avr5\libgcc.a(_udivmodsi4.o)
 .text.libgcc.mul
                0x00000000        0x0 c:/program files (x86)/atmel/studio/7.0/toolchain/avr8/avr8-gnu-toolchain/bin/../lib/gcc/avr/5.4.0/avr5\libgcc.a(_udivmodsi4.o)
 .text.libgcc   0x00000000        0x0 c:/program files (x86)/atmel/studio/7.0/toolchain/avr8/avr8-gnu-toolchain/bin/../lib/gcc/avr/5.4.0/avr5\libgcc.a(_udivmodsi4.o)
 .text.libgcc.prologue
                0x00000000        0x0 c:/program files (x86)/atmel/studio/7.0/toolchain/avr8/avr8-gnu-toolchain/bin/../lib/gcc/avr/5.4.0/avr5\libgcc.a(_udivmodsi4.o)
 .text.libgcc.builtins
                0x00000000        0x0 c:/program files (x86)/atmel/studio/7.0/toolchain/avr8/avr8-gnu-toolchain/bin/../lib/gcc/avr/5.4.0/avr5\libgcc.a(_udivmodsi4.o)
 .text.libgcc.fmul
                0x00000000        0x0 c:/program files (x86)/atmel/studio/7.0/toolchain/avr8/avr8-gnu-toolchain/bin/../lib/gcc/avr/5.4.0/avr5\libgcc.a(_udivmodsi4.o)
 .text.libgcc.fixed
                0x00000000        0x0 c:/program files (x86)/atmel/studio/7.0/toolchain/avr8/avr8-gnu-toolchain/bin/../lib/gcc/avr/5.4.0/avr5\libgcc.a(_udivmodsi4.o)
 .text          0x00000000        0x0 c:/program files (x86)/atmel/studio/7.0/toolchain/avr8/avr8-gnu-toolchain/bin/../lib/gcc/avr/5.4.0/avr5\libgcc.a(_exit.o)
 .data          0x00000000        0x0 c:/program files (x86)/atmel/studio/7.0/toolchain/avr8/avr8-gnu-toolchain/bin/../lib/gcc/avr/5.4.0/avr5\libgcc.a(_exit.o)
 .bss           0x00000000        0x0 c:/program files (x86)/atmel/studio/7.0/toolchain/avr8/avr8-gnu-toolchain/bin/../lib/gcc/avr/5.4.0/avr5\libgcc.a(_exit.o)
 .text.libgcc.mul
                0x00000000        0x0 c:/program files (x86)/atmel/studio/7.0/toolchain/avr8/avr8-gnu-toolchain/bin/../lib/gcc/avr/5.4.0/avr5\libgcc.a(_exit.o)
 .text.libgcc.div
                0x00000000        0x0 c:/program files (x86)/atmel/studio/7.0/toolchain/avr8/avr8-gnu-toolchain/bin/../lib/gcc/avr/5.4.0/avr5\libgcc.a(_exit.o)
 .text.libgcc   0x00000000        0x0 c:/program files (x86)/atmel/studio/7.0/toolchain/avr8/avr8-gnu-toolchain/bin/../lib/gcc/avr/5.4.0/avr5\libgcc.a(_exit.o)
 .text.libgcc.prologue
                0x00000000        0x0 c:/program files (x86)/atmel/studio/7.0/toolchain/avr8/avr8-gnu-toolchain/bin/../lib/gcc/avr/5.4.0/avr5\libgcc.a(_exit.o)
 .text.libgcc.builtins
                0x00000000        0x0 c:/program files (x86)/atmel/studio/7.0/toolchain/avr8/avr8-gnu-toolchain/bin/../lib/gcc/avr/5.4.0/avr5\libgcc.a(_exit.o)
 .text.libgcc.fmul
                0x00000000        0x0 c:/program files (x86)/atmel/studio/7.0/toolchain/avr8/avr8-gnu-toolchain/bin/../lib/gcc/avr/5.4.0/avr5\libgcc.a(_exit.o)
 .text.libgcc.fixed
                0x00000000        0x0 c:/program files (x86)/atmel/studio/7.0/toolchain/avr8/avr8-gnu-toolchain/bin/../lib/gcc/avr/5.4.0/avr5\libgcc.a(_exit.o)
 .text          0x00000000        0x0 c:/program files (x86)/atmel/studio/7.0/toolchain/avr8/avr8-gnu-toolchain/bin/../lib/gcc/avr/5.4.0/avr5\libgcc.a(_copy_data.o)
 .data          0x00000000        0x0 c:/program files (x86)/atmel/studio/7.0/toolchain/avr8/avr8-gnu-toolchain/bin/../lib/gcc/avr/5.4.0/avr5\libgcc.a(_copy_data.o)
 .bss           0x00000000        0x0 c:/program files (x86)/atmel/studio/7.0/toolchain/avr8/avr8-gnu-toolchain/bin/../lib/gcc/avr/5.4.0/avr5\libgcc.a(_copy_data.o)
 .text.libgcc.mul
                0x00000000        0x0 c:/program files (x86)/atmel/studio/7.0/toolchain/avr8/avr8-gnu-toolchain/bin/../lib/gcc/avr/5.4.0/avr5\libgcc.a(_copy_data.o)
 .text.libgcc.div
                0x00000000        0x0 c:/program files (x86)/atmel/studio/7.0/toolchain/avr8/avr8-gnu-toolchain/bin/../lib/gcc/avr/5.4.0/avr5\libgcc.a(_copy_data.o)
 .text.libgcc   0x00000000        0x0 c:/program files (x86)/atmel/studio/7.0/toolchain/avr8/avr8-gnu-toolchain/bin/../lib/gcc/avr/5.4.0/avr5\libgcc.a(_copy_data.o)
 .text.libgcc.prologue
                0x00000000        0x0 c:/program files (x86)/atmel/studio/7.0/toolchain/avr8/avr8-gnu-toolchain/bin/../lib/gcc/avr/5.4.0/avr5\libgcc.a(_copy_data.o)
 .text.libgcc.builtins
                0x00000000        0x0 c:/program files (x86)/atmel/studio/7.0/toolchain/avr8/avr8-gnu-toolchain/bin/../lib/gcc/avr/5.4.0/avr5\libgcc.a(_copy_data.o)
 .text.libgcc.fmul
                0x00000000        0x0 c:/program files (x86)/atmel/studio/7.0/toolchain/avr8/avr8-gnu-toolchain/bin/../lib/gcc/avr/5.4.0/avr5\libgcc.a(_copy_data.o)
 .text.libgcc.fixed
                0x00000000        0x0 c:/program files (x86)/atmel/studio/7.0/toolchain/avr8/avr8-gnu-toolchain/bin/../lib/gcc/avr/5.4.0/avr5\libgcc.a(_copy_data.o)
 .text          0x00000000        0x0 c:/program files (x86)/atmel/studio/7.0/toolchain/avr8/avr8-gnu-toolchain/bin/../lib/gcc/avr/5.4.0/avr5\libgcc.a(_clear_bss.o)
 .data          0x00000000        0x0 c:/program files (x86)/atmel/studio/7.0/toolchain/avr8/avr8-gnu-toolchain/bin/../lib/gcc/avr/5.4.0/avr5\libgcc.a(_clear_bss.o)
 .bss           0x00000000        0x0 c:/program files (x86)/atmel/studio/7.0/toolchain/avr8/avr8-gnu-toolchain/bin/../lib/gcc/avr/5.4.0/avr5\libgcc.a(_clear_bss.o)
 .text.libgcc.mul
                0x00000000        0x0 c:/program files (x86)/atmel/studio/7.0/toolchain/avr8/avr8-gnu-toolchain/bin/../lib/gcc/avr/5.4.0/avr5\libgcc.a(_clear_bss.o)
 .text.libgcc.div
                0x00000000        0x0 c:/program files (x86)/atmel/studio/7.0/toolchain/avr8/avr8-gnu-toolchain/bin/../lib/gcc/avr/5.4.0/avr5\libgcc.a(_clear_bss.o)
 .text.libgcc   0x00000000        0x0 c:/program files (x86)/atmel/studio/7.0/toolchain/avr8/avr8-gnu-toolchain/bin/../lib/gcc/avr/5.4.0/avr5\libgcc.a(_clear_bss.o)
 .text.libgcc.prologue
                0x00000000        0x0 c:/program files (x86)/atmel/studio/7.0/toolchain/avr8/avr8-gnu-toolchain/bin/../lib/gcc/avr/5.4.0/avr5\libgcc.a(_clear_bss.o)
 .text.libgcc.builtins
                0x00000000        0x0 c:/program files (x86)/atmel/studio/7.0/toolchain/avr8/avr8-gnu-toolchain/bin/../lib/gcc/avr/5.4.0/avr5\libgcc.a(_clear_bss.o)
 .text.libgcc.fmul
                0x00000000        0x0 c:/program files (x86)/atmel/studio/7.0/toolchain/avr8/avr8-gnu-toolchain/bin/../lib/gcc/avr/5.4.0/avr5\libgcc.a(_clear_bss.o)
 .text.libgcc.fixed
                0x00000000        0x0 c:/program files (x86)/atmel/studio/7.0/toolchain/avr8/avr8-gnu-toolchain/bin/../lib/gcc/avr/5.4.0/avr5\libgcc.a(_clear_bss.o)
 .text          0x00000000        0x0 c:/program files (x86)/atmel/studio/7.0/toolchain/avr8/avr8-gnu-toolchain/bin/../lib/gcc/avr/5.4.0/../../../../avr/lib/avr5\libc.a(malloc.o)
 .bss           0x00000000        0x0 c:/program files (x86)/atmel/studio/7.0/toolchain/avr8/avr8-gnu-toolchain/bin/../lib/gcc/avr/5.4.0/../../../../avr/lib/avr5\libc.a(malloc.o)
 .text          0x00000000        0x0 c:/program files (x86)/atmel/studio/7.0/toolchain/avr8/avr8-gnu-toolchain/bin/../lib/gcc/avr/5.4.0/../../../../avr/lib/avr5\libc.a(memcpy.o)
 .data          0x00000000        0x0 c:/program files (x86)/atmel/studio/7.0/toolchain/avr8/avr8-gnu-toolchain/bin/../lib/gcc/avr/5.4.0/../../../../avr/lib/avr5\libc.a(memcpy.o)
 .bss           0x00000000        0x0 c:/program files (x86)/atmel/studio/7.0/toolchain/avr8/avr8-gnu-toolchain/bin/../lib/gcc/avr/5.4.0/../../../../avr/lib/avr5\libc.a(memcpy.o)
 .text.avr-libc
                0x00000000       0x12 c:/program files (x86)/atmel/studio/7.0/toolchain/avr8/avr8-gnu-toolchain/bin/../lib/gcc/avr/5.4.0/../../../../avr/lib/avr5\libc.a(memcpy.o)

Memory Configuration

Name             Origin             Length             Attributes
text             0x00000000         0x00008000         xr
data             0x00800100         0x00000800         rw !x
eeprom           0x00810000         0x00000400         rw !x
fuse             0x00820000         0x00000003         rw !x
lock             0x00830000         0x00000400         rw !x
signature        0x00840000         0x00000400         rw !x
user_signatures  0x00850000         0x00000400         rw !x
*default*        0x00000000         0xffffffff

Linker script and memory map

Address of section .data set to 0x800100
LOAD C:/Program Files (x86)/Atmel/Studio/7.0/Packs/atmel/ATmega_DFP/1.6.364/gcc/dev/atmega328p/avr5/crtatmega328p.o
LOAD crc8.o
LOAD ESC_BLHeli.o
LOAD ESC_SimonK.o
LOAD heap_1.o
LOAD list.o
LOAD LPC_Slave.o
LOAD main.o
LOAD MCAL_TIMER0.o
LOAD MCAL_TIMER2.o
LOAD port.o
LOAD queue.o
LOAD SPI_Slave.o
LOAD StateSpaceController_SL.o
LOAD tasks.o
START GROUP
LOAD c:/program files (x86)/atmel/studio/7.0/toolchain/avr8/avr8-gnu-toolchain/bin/../lib/gcc/avr/5.4.0/../../../../avr/lib/avr5\libm.a
END GROUP
START GROUP
LOAD c:/program files (x86)/atmel/studio/7.0/toolchain/avr8/avr8-gnu-toolchain/bin/../lib/gcc/avr/5.4.0/avr5\libgcc.a
LOAD c:/program files (x86)/atmel/studio/7.0/toolchain/avr8/avr8-gnu-toolchain/bin/../lib/gcc/avr/5.4.0/../../../../avr/lib/avr5\libm.a
LOAD c:/program files (x86)/atmel/studio/7.0/toolchain/avr8/avr8-gnu-toolchain/bin/../lib/gcc/avr/5.4.0/../../../../avr/lib/avr5\libc.a
LOAD C:/Program Files (x86)/Atmel/Studio/7.0/Packs/atmel/ATmega_DFP/1.6.364/gcc/dev/atmega328p/avr5\libatmega328p.a
END GROUP
                0x00000000                __TEXT_REGION_ORIGIN__ = DEFINED (__TEXT_REGION_ORIGIN__)?__TEXT_REGION_ORIGIN__:0x0
                [0x00800100]                __DATA_REGION_ORIGIN__ = DEFINED (__DATA_REGION_ORIGIN__)?__DATA_REGION_ORIGIN__:0x800060
                [0x00008000]                __TEXT_REGION_LENGTH__ = DEFINED (__TEXT_REGION_LENGTH__)?__TEXT_REGION_LENGTH__:0x20000
                [0x00000800]                __DATA_REGION_LENGTH__ = DEFINED (__DATA_REGION_LENGTH__)?__DATA_REGION_LENGTH__:0xffa0
                [0x00000400]                __EEPROM_REGION_LENGTH__ = DEFINED (__EEPROM_REGION_LENGTH__)?__EEPROM_REGION_LENGTH__:0x10000
                [0x00000003]                __FUSE_REGION_LENGTH__ = DEFINED (__FUSE_REGION_LENGTH__)?__FUSE_REGION_LENGTH__:0x400
                0x00000400                __LOCK_REGION_LENGTH__ = DEFINED (__LOCK_REGION_LENGTH__)?__LOCK_REGION_LENGTH__:0x400
                0x00000400                __SIGNATURE_REGION_LENGTH__ = DEFINED (__SIGNATURE_REGION_LENGTH__)?__SIGNATURE_REGION_LENGTH__:0x400
                0x00000400                __USER_SIGNATURE_REGION_LENGTH__ = DEFINED (__USER_SIGNATURE_REGION_LENGTH__)?__USER_SIGNATURE_REGION_LENGTH__:0x400

.hash
 *(.hash)

.dynsym
 *(.dynsym)

.dynstr
 *(.dynstr)

.gnu.version
 *(.gnu.version)

.gnu.version_d
 *(.gnu.version_d)

.gnu.version_r
 *(.gnu.version_r)

.rel.init
 *(.rel.init)

.rela.init
 *(.rela.init)

.rel.text
 *(.rel.text)
 *(.rel.text.*)
 *(.rel.gnu.linkonce.t*)

.rela.text
 *(.rela.text)
 *(.rela.text.*)
 *(.rela.gnu.linkonce.t*)

.rel.fini
 *(.rel.fini)

.rela.fini
 *(.rela.fini)

.rel.rodata
 *(.rel.rodata)
 *(.rel.rodata.*)
 *(.rel.gnu.linkonce.r*)

.rela.rodata
 *(.rela.rodata)
 *(.rela.rodata.*)
 *(.rela.gnu.linkonce.r*)

.rel.data
 *(.rel.data)
 *(.rel.data.*)
 *(.rel.gnu.linkonce.d*)

.rela.data
 *(.rela.data)
 *(.rela.data.*)
 *(.rela.gnu.linkonce.d*)

.rel.ctors
 *(.rel.ctors)

.rela.ctors
 *(.rela.ctors)

.rel.dtors
 *(.rel.dtors)

.rela.dtors
 *(.rela.dtors)

.rel.got
 *(.rel.got)

.rela.got
 *(.rela.got)

.rel.bss
 *(.rel.bss)

.rela.bss
 *(.rela.bss)

.rel.plt
 *(.rel.plt)

.rela.plt
 *(.rela.plt)

.text           0x00000000     0x23f6
 *(.vectors)
 .vectors       0x00000000       0x68 C:/Program Files (x86)/Atmel/Studio/7.0/Packs/atmel/ATmega_DFP/1.6.364/gcc/dev/atmega328p/avr5/crtatmega328p.o
                0x00000000                __vector_default
                0x00000000                __vectors
 *(.vectors)
 *(.progmem.gcc*)
                0x00000068                . = ALIGN (0x2)
                0x00000068                __trampolines_start = .
 *(.trampolines)
 .trampolines   0x00000068        0x0 linker stubs
 *(.trampolines*)
                0x00000068                __trampolines_end = .
 *libprintf_flt.a:*(.progmem.data)
 *libc.a:*(.progmem.data)
 *(.progmem*)
                0x00000068                . = ALIGN (0x2)
 *(.jumptables)
 *(.jumptables*)
 *(.lowtext)
 *(.lowtext*)
                0x00000068                __ctors_start = .
 *(.ctors)
                0x00000068                __ctors_end = .
                0x00000068                __dtors_start = .
 *(.dtors)
                0x00000068                __dtors_end = .
 SORT(*)(.ctors)
 SORT(*)(.dtors)
 *(.init0)
 .init0         0x00000068        0x0 C:/Program Files (x86)/Atmel/Studio/7.0/Packs/atmel/ATmega_DFP/1.6.364/gcc/dev/atmega328p/avr5/crtatmega328p.o
                0x00000068                __init
 *(.init0)
 *(.init1)
 *(.init1)
 *(.init2)
 .init2         0x00000068        0xc C:/Program Files (x86)/Atmel/Studio/7.0/Packs/atmel/ATmega_DFP/1.6.364/gcc/dev/atmega328p/avr5/crtatmega328p.o
 *(.init2)
 *(.init3)
 *(.init3)
 *(.init4)
 .init4         0x00000074       0x16 c:/program files (x86)/atmel/studio/7.0/toolchain/avr8/avr8-gnu-toolchain/bin/../lib/gcc/avr/5.4.0/avr5\libgcc.a(_copy_data.o)
                0x00000074                __do_copy_data
 .init4         0x0000008a       0x10 c:/program files (x86)/atmel/studio/7.0/toolchain/avr8/avr8-gnu-toolchain/bin/../lib/gcc/avr/5.4.0/avr5\libgcc.a(_clear_bss.o)
                0x0000008a                __do_clear_bss
 *(.init4)
 *(.init5)
 *(.init5)
 *(.init6)
 *(.init6)
 *(.init7)
 *(.init7)
 *(.init8)
 *(.init8)
 *(.init9)
 .init9         0x0000009a        0x8 C:/Program Files (x86)/Atmel/Studio/7.0/Packs/atmel/ATmega_DFP/1.6.364/gcc/dev/atmega328p/avr5/crtatmega328p.o
 *(.init9)
 *(.text)
 .text          0x000000a2        0x4 C:/Program Files (x86)/Atmel/Studio/7.0/Packs/atmel/ATmega_DFP/1.6.364/gcc/dev/atmega328p/avr5/crtatmega328p.o
                0x000000a2                __vector_22
                0x000000a2                __vector_1
                0x000000a2                __vector_24
                0x000000a2                __vector_12
                0x000000a2                __bad_interrupt
                0x000000a2                __vector_6
                0x000000a2                __vector_3
                0x000000a2                __vector_23
                0x000000a2                __vector_25
                0x000000a2                __vector_13
                0x000000a2                __vector_17
                0x000000a2                __vector_19
                0x000000a2                __vector_7
                0x000000a2                __vector_5
                0x000000a2                __vector_4
                0x000000a2                __vector_9
                0x000000a2                __vector_2
                0x000000a2                __vector_21
                0x000000a2                __vector_15
                0x000000a2                __vector_8
                0x000000a2                __vector_14
                0x000000a2                __vector_10
                0x000000a2                __vector_16
                0x000000a2                __vector_18
                0x000000a2                __vector_20
                0x000000a6                . = ALIGN (0x2)
 *(.text.*)
 .text.CRC8Calculate
                0x000000a6       0x2a crc8.o
                0x000000a6                CRC8Calculate
 .text.initESC_BLHeli
                0x000000d0       0x5a ESC_BLHeli.o
                0x000000d0                initESC_BLHeli
 .text.setDutyCycleBLHeli
                0x0000012a       0xa0 ESC_BLHeli.o
                0x0000012a                setDutyCycleBLHeli
 .text.initESC_SimonK
                0x000001ca       0x5a ESC_SimonK.o
                0x000001ca                initESC_SimonK
 .text.setDutyCycleSimonK
                0x00000224       0xa0 ESC_SimonK.o
                0x00000224                setDutyCycleSimonK
 .text.pvPortMalloc
                0x000002c4       0x4c heap_1.o
                0x000002c4                pvPortMalloc
 .text.vPortFree
                0x00000310        0x2 heap_1.o
                0x00000310                vPortFree
 .text.vListInitialise
                0x00000312       0x1c list.o
                0x00000312                vListInitialise
 .text.vListInitialiseItem
                0x0000032e        0x8 list.o
                0x0000032e                vListInitialiseItem
 .text.vListInsertEnd
                0x00000336       0x42 list.o
                0x00000336                vListInsertEnd
 .text.vListInsert
                0x00000378       0x62 list.o
                0x00000378                vListInsert
 .text.uxListRemove
                0x000003da       0x4e list.o
                0x000003da                uxListRemove
 .text.initialize_LPC
                0x00000428        0x6 LPC_Slave.o
                0x00000428                initialize_LPC
 .text.get_msg_id
                0x0000042e        0x8 LPC_Slave.o
                0x0000042e                get_msg_id
 .text.get_msg_length
                0x00000436       0x18 LPC_Slave.o
                0x00000436                get_msg_length
 .text.send_ACK
                0x0000044e        0xc LPC_Slave.o
                0x0000044e                send_ACK
 .text.send_NACK
                0x0000045a        0x8 LPC_Slave.o
                0x0000045a                send_NACK
 .text.compare_crc8
                0x00000462       0x32 LPC_Slave.o
                0x00000462                compare_crc8
 .text.LPC_decode
                0x00000494       0xce LPC_Slave.o
                0x00000494                LPC_decode
 .text.get_decoded_data
                0x00000562       0x12 LPC_Slave.o
                0x00000562                get_decoded_data
 .text.recieve_data
                0x00000574       0x9a LPC_Slave.o
                0x00000574                recieve_data
 .text.stateFeedbackControllerTask
                0x0000060e       0x60 main.o
                0x0000060e                stateFeedbackControllerTask
 .text.LPCReceiveMessagesTask
                0x0000066e       0xd8 main.o
                0x0000066e                LPCReceiveMessagesTask
 .text.main     0x00000746       0x52 main.o
                0x00000746                main
 .text.calcPrescalarTimer0
                0x00000798      0x140 MCAL_TIMER0.o
 .text.getOCRATimer0
                0x000008d8        0x4 MCAL_TIMER0.o
                0x000008d8                getOCRATimer0
 .text.initTimer0
                0x000008dc       0x3c MCAL_TIMER0.o
                0x000008dc                initTimer0
 .text.setDutyCycleTimer0
                0x00000918       0x7a MCAL_TIMER0.o
                0x00000918                setDutyCycleTimer0
 .text.calcPrescalarTimer2
                0x00000992      0x1d6 MCAL_TIMER2.o
 .text.getOCRATimer2
                0x00000b68        0x6 MCAL_TIMER2.o
                0x00000b68                getOCRATimer2
 .text.initTimer2
                0x00000b6e       0x4c MCAL_TIMER2.o
                0x00000b6e                initTimer2
 .text.setDutyCycleTimer2
                0x00000bba       0xb4 MCAL_TIMER2.o
                0x00000bba                setDutyCycleTimer2
 .text.prvSetupTimerInterrupt
                0x00000c6e       0x1e port.o
 .text.pxPortInitialiseStack
                0x00000c8c       0xd8 port.o
                0x00000c8c                pxPortInitialiseStack
 .text.xPortStartScheduler
                0x00000d64       0x5e port.o
                0x00000d64                xPortStartScheduler
 .text.vPortYield
                0x00000dc2       0xb2 port.o
                0x00000dc2                vPortYield
 .text.vPortYieldFromTick
                0x00000e74       0xb8 port.o
                0x00000e74                vPortYieldFromTick
 .text.__vector_11
                0x00000f2c        0x6 port.o
                0x00000f2c                __vector_11
 .text.spiSetSlave
                0x00000f32       0x34 SPI_Slave.o
                0x00000f32                spiSetSlave
 .text.spiSendSlave
                0x00000f66        0xa SPI_Slave.o
                0x00000f66                spiSendSlave
 .text.spiReceiveSlave
                0x00000f70        0xa SPI_Slave.o
                0x00000f70                spiReceiveSlave
 .text.setReferenceAngles
                0x00000f7a       0x30 StateSpaceController_SL.o
                0x00000f7a                setReferenceAngles
 .text.sub      0x00000faa       0xa4 StateSpaceController_SL.o
                0x00000faa                sub
 .text.mul      0x0000104e      0x13c StateSpaceController_SL.o
                0x0000104e                mul
 .text.updateController
                0x0000118a      0x110 StateSpaceController_SL.o
                0x0000118a                updateController
 .text.prvResetNextTaskUnblockTime
                0x0000129a       0x38 tasks.o
 .text.prvInitialiseNewTask
                0x000012d2      0x100 tasks.o
 .text.prvIdleTask
                0x000013d2        0xe tasks.o
 .text.prvInitialiseTaskLists
                0x000013e0       0x5e tasks.o
 .text.prvAddNewTaskToReadyList
                0x0000143e       0xb8 tasks.o
 .text.prvAddCurrentTaskToDelayedList
                0x000014f6       0x88 tasks.o
 .text.xTaskCreate
                0x0000157e       0xa8 tasks.o
                0x0000157e                xTaskCreate
 .text.vTaskStartScheduler
                0x00001626       0x58 tasks.o
                0x00001626                vTaskStartScheduler
 .text.vTaskSuspendAll
                0x0000167e        0xc tasks.o
                0x0000167e                vTaskSuspendAll
 .text.xTaskGetTickCount
                0x0000168a       0x14 tasks.o
                0x0000168a                xTaskGetTickCount
 .text.xTaskIncrementTick
                0x0000169e      0x17c tasks.o
                0x0000169e                xTaskIncrementTick
 .text.xTaskResumeAll
                0x0000181a       0xec tasks.o
                0x0000181a                xTaskResumeAll
 .text.xTaskDelayUntil
                0x00001906       0x84 tasks.o
                0x00001906                xTaskDelayUntil
 .text.vTaskDelay
                0x0000198a       0x2c tasks.o
                0x0000198a                vTaskDelay
 .text.vTaskSwitchContext
                0x000019b6       0xa8 tasks.o
                0x000019b6                vTaskSwitchContext
 .text.xTaskGenericNotifyWait
                0x00001a5e      0x142 tasks.o
                0x00001a5e                xTaskGenericNotifyWait
 .text.xTaskGenericNotify
                0x00001ba0      0x168 tasks.o
                0x00001ba0                xTaskGenericNotify
 .text.avr-libc.fplib
                0x00001d08        0xe c:/program files (x86)/atmel/studio/7.0/toolchain/avr8/avr8-gnu-toolchain/bin/../lib/gcc/avr/5.4.0/../../../../avr/lib/avr5\libm.a(addsf3.o)
                0x00001d08                __subsf3
                0x00001d0a                __addsf3
 .text.avr-libc.fplib
                0x00001d16       0xcc c:/program files (x86)/atmel/studio/7.0/toolchain/avr8/avr8-gnu-toolchain/bin/../lib/gcc/avr/5.4.0/../../../../avr/lib/avr5\libm.a(addsf3x.o)
                0x00001d38                __addsf3x
 .text.avr-libc.fplib
                0x00001de2        0x8 c:/program files (x86)/atmel/studio/7.0/toolchain/avr8/avr8-gnu-toolchain/bin/../lib/gcc/avr/5.4.0/../../../../avr/lib/avr5\libm.a(divsf3.o)
                0x00001de2                __divsf3
 .text.avr-libc.fplib
                0x00001dea       0xdc c:/program files (x86)/atmel/studio/7.0/toolchain/avr8/avr8-gnu-toolchain/bin/../lib/gcc/avr/5.4.0/../../../../avr/lib/avr5\libm.a(divsf3x.o)
                0x00001e0a                __divsf3x
                0x00001e10                __divsf3_pse
 .text.avr-libc.fplib
                0x00001ec6       0x5e c:/program files (x86)/atmel/studio/7.0/toolchain/avr8/avr8-gnu-toolchain/bin/../lib/gcc/avr/5.4.0/../../../../avr/lib/avr5\libm.a(fixunssfsi.o)
                0x00001ec6                __fixunssfsi
 .text.avr-libc.fplib
                0x00001f24       0x7a c:/program files (x86)/atmel/studio/7.0/toolchain/avr8/avr8-gnu-toolchain/bin/../lib/gcc/avr/5.4.0/../../../../avr/lib/avr5\libm.a(floatsisf.o)
                0x00001f24                __floatunsisf
                0x00001f28                __floatsisf
 .text.avr-libc.fplib
                0x00001f9e        0xc c:/program files (x86)/atmel/studio/7.0/toolchain/avr8/avr8-gnu-toolchain/bin/../lib/gcc/avr/5.4.0/../../../../avr/lib/avr5\libm.a(fp_inf.o)
                0x00001f9e                __fp_inf
 .text.avr-libc.fplib
                0x00001faa        0x6 c:/program files (x86)/atmel/studio/7.0/toolchain/avr8/avr8-gnu-toolchain/bin/../lib/gcc/avr/5.4.0/../../../../avr/lib/avr5\libm.a(fp_nan.o)
                0x00001faa                __fp_nan
 .text.avr-libc.fplib
                0x00001fb0        0xe c:/program files (x86)/atmel/studio/7.0/toolchain/avr8/avr8-gnu-toolchain/bin/../lib/gcc/avr/5.4.0/../../../../avr/lib/avr5\libm.a(fp_pscA.o)
                0x00001fb0                __fp_pscA
 .text.avr-libc.fplib
                0x00001fbe        0xe c:/program files (x86)/atmel/studio/7.0/toolchain/avr8/avr8-gnu-toolchain/bin/../lib/gcc/avr/5.4.0/../../../../avr/lib/avr5\libm.a(fp_pscB.o)
                0x00001fbe                __fp_pscB
 .text.avr-libc.fplib
                0x00001fcc       0x22 c:/program files (x86)/atmel/studio/7.0/toolchain/avr8/avr8-gnu-toolchain/bin/../lib/gcc/avr/5.4.0/../../../../avr/lib/avr5\libm.a(fp_round.o)
                0x00001fcc                __fp_round
 .text.avr-libc.fplib
                0x00001fee       0x44 c:/program files (x86)/atmel/studio/7.0/toolchain/avr8/avr8-gnu-toolchain/bin/../lib/gcc/avr/5.4.0/../../../../avr/lib/avr5\libm.a(fp_split3.o)
                0x00001fee                __fp_split3
                0x00001ffe                __fp_splitA
 .text.avr-libc.fplib
                0x00002032        0xe c:/program files (x86)/atmel/studio/7.0/toolchain/avr8/avr8-gnu-toolchain/bin/../lib/gcc/avr/5.4.0/../../../../avr/lib/avr5\libm.a(fp_zero.o)
                0x00002032                __fp_zero
                0x00002034                __fp_szero
 .text.avr-libc.fplib
                0x00002040        0xa c:/program files (x86)/atmel/studio/7.0/toolchain/avr8/avr8-gnu-toolchain/bin/../lib/gcc/avr/5.4.0/../../../../avr/lib/avr5\libm.a(gesf2.o)
                0x00002040                __gesf2
                0x00002040                __gtsf2
 .text.avr-libc.fplib
                0x0000204a        0x8 c:/program files (x86)/atmel/studio/7.0/toolchain/avr8/avr8-gnu-toolchain/bin/../lib/gcc/avr/5.4.0/../../../../avr/lib/avr5\libm.a(mulsf3.o)
                0x0000204a                __mulsf3
 .text.avr-libc.fplib
                0x00002052       0xd2 c:/program files (x86)/atmel/studio/7.0/toolchain/avr8/avr8-gnu-toolchain/bin/../lib/gcc/avr/5.4.0/../../../../avr/lib/avr5\libm.a(mulsf3x.o)
                0x00002070                __mulsf3x
                0x00002076                __mulsf3_pse
 .text.avr-libc.fplib
                0x00002124       0x48 c:/program files (x86)/atmel/studio/7.0/toolchain/avr8/avr8-gnu-toolchain/bin/../lib/gcc/avr/5.4.0/../../../../avr/lib/avr5\libm.a(fp_cmp.o)
                0x00002124                __fp_cmp
 .text.libgcc.div
                0x0000216c       0x44 c:/program files (x86)/atmel/studio/7.0/toolchain/avr8/avr8-gnu-toolchain/bin/../lib/gcc/avr/5.4.0/avr5\libgcc.a(_udivmodsi4.o)
                0x0000216c                __udivmodsi4
 .text.avr-libc
                0x000021b0      0x242 c:/program files (x86)/atmel/studio/7.0/toolchain/avr8/avr8-gnu-toolchain/bin/../lib/gcc/avr/5.4.0/../../../../avr/lib/avr5\libc.a(malloc.o)
                0x000021b0                malloc
                0x000022e0                free
                0x000023f2                . = ALIGN (0x2)
 *(.fini9)
 .fini9         0x000023f2        0x0 c:/program files (x86)/atmel/studio/7.0/toolchain/avr8/avr8-gnu-toolchain/bin/../lib/gcc/avr/5.4.0/avr5\libgcc.a(_exit.o)
                0x000023f2                _exit
                0x000023f2                exit
 *(.fini9)
 *(.fini8)
 *(.fini8)
 *(.fini7)
 *(.fini7)
 *(.fini6)
 *(.fini6)
 *(.fini5)
 *(.fini5)
 *(.fini4)
 *(.fini4)
 *(.fini3)
 *(.fini3)
 *(.fini2)
 *(.fini2)
 *(.fini1)
 *(.fini1)
 *(.fini0)
 .fini0         0x000023f2        0x4 c:/program files (x86)/atmel/studio/7.0/toolchain/avr8/avr8-gnu-toolchain/bin/../lib/gcc/avr/5.4.0/avr5\libgcc.a(_exit.o)
 *(.fini0)
                0x000023f6                _etext = .

.data           0x00800100      0x146 load address 0x000023f6
                0x00800100                PROVIDE (__data_start, .)
 *(.data)
 .data          0x00800100        0x6 c:/program files (x86)/atmel/studio/7.0/toolchain/avr8/avr8-gnu-toolchain/bin/../lib/gcc/avr/5.4.0/../../../../avr/lib/avr5\libc.a(malloc.o)
                0x00800100                __malloc_heap_end
                0x00800102                __malloc_heap_start
                0x00800104                __malloc_margin
 *(.data*)
 .data.K        0x00800106       0x20 StateSpaceController_SL.o
                0x00800106                K
 .data.uxTopUsedPriority
                0x00800126        0x1 tasks.o
                0x00800126                uxTopUsedPriority
 *(.gnu.linkonce.d*)
 *(.rodata)
 *(.rodata*)
 .rodata.crc8table
                0x00800127      0x100 crc8.o
 .rodata.str1.1
                0x00800227       0x19 main.o
 .rodata.str1.1
                0x00800240        0x5 tasks.o
 *(.gnu.linkonce.r*)
                0x00800246                . = ALIGN (0x2)
 *fill*         0x00800245        0x1 
                0x00800246                _edata = .
                0x00800246                PROVIDE (__data_end, .)

.bss            0x00800246      0x3d9
                0x00800246                PROVIDE (__bss_start, .)
 *(.bss)
 *(.bss*)
 .bss.minOCRB_BLHeli
                0x00800246        0x4 ESC_BLHeli.o
 .bss.maxOCRB_BLHeli
                0x0080024a        0x4 ESC_BLHeli.o
 .bss.OCR0A_value
                0x0080024e        0x1 ESC_BLHeli.o
 .bss.minOCRB_SimonK
                0x0080024f        0x4 ESC_SimonK.o
 .bss.maxOCRB_SimonK
                0x00800253        0x4 ESC_SimonK.o
 .bss.OCR2A_value
                0x00800257        0x1 ESC_SimonK.o
 .bss.xNextFreeByte
                0x00800258        0x2 heap_1.o
 .bss.xHeap     0x0080025a      0x320 heap_1.o
 .bss.convert_to_float
                0x0080057a        0x8 LPC_Slave.o
 .bss.mode      0x00800582        0x1 LPC_Slave.o
 .bss.currentWorkingMode
                0x00800583        0x1 MCAL_TIMER0.o
 .bss.currentWorkingMode
                0x00800584        0x1 MCAL_TIMER2.o
 .bss.r         0x00800585        0x8 StateSpaceController_SL.o
                0x00800585                r
 .bss.uxSchedulerSuspended
                0x0080058d        0x1 tasks.o
 .bss.xIdleTaskHandle
                0x0080058e        0x2 tasks.o
 .bss.xNextTaskUnblockTime
                0x00800590        0x2 tasks.o
 .bss.uxTaskNumber
                0x00800592        0x1 tasks.o
 .bss.xNumOfOverflows
                0x00800593        0x1 tasks.o
 .bss.xYieldPending
                0x00800594        0x1 tasks.o
 .bss.xPendedTicks
                0x00800595        0x2 tasks.o
 .bss.xSchedulerRunning
                0x00800597        0x1 tasks.o
 .bss.uxTopReadyPriority
                0x00800598        0x1 tasks.o
 .bss.xTickCount
                0x00800599        0x2 tasks.o
 .bss.uxCurrentNumberOfTasks
                0x0080059b        0x1 tasks.o
 .bss.xPendingReadyList
                0x0080059c        0x9 tasks.o
 .bss.pxOverflowDelayedTaskList
                0x008005a5        0x2 tasks.o
 .bss.pxDelayedTaskList
                0x008005a7        0x2 tasks.o
 .bss.xDelayedTaskList2
                0x008005a9        0x9 tasks.o
 .bss.xDelayedTaskList1
                0x008005b2        0x9 tasks.o
 .bss.pxReadyTasksLists
                0x008005bb       0x24 tasks.o
 .bss.pxCurrentTCB
                0x008005df        0x2 tasks.o
                0x008005df                pxCurrentTCB
 *(COMMON)
 COMMON         0x008005e1       0x22 main.o
                0x008005e1                stateVector
                0x008005f1                referenceAngle
                0x008005f9                ESCValues
                0x00800601                controllerTaskHandle
 COMMON         0x00800603       0x18 StateSpaceController_SL.o
                0x00800603                x
                0x00800613                u
 COMMON         0x0080061b        0x4 c:/program files (x86)/atmel/studio/7.0/toolchain/avr8/avr8-gnu-toolchain/bin/../lib/gcc/avr/5.4.0/../../../../avr/lib/avr5\libc.a(malloc.o)
                0x0080061b                __brkval
                0x0080061d                __flp
                0x0080061f                PROVIDE (__bss_end, .)
                0x000023f6                __data_load_start = LOADADDR (.data)
                0x0000253c                __data_load_end = (__data_load_start + SIZEOF (.data))

.noinit         0x0080061f        0x0
                [!provide]                PROVIDE (__noinit_start, .)
 *(.noinit*)
                [!provide]                PROVIDE (__noinit_end, .)
                0x0080061f                _end = .
                0x0080061f                PROVIDE (__heap_start, .)

.eeprom         0x00810000        0x0
 *(.eeprom*)
                0x00810000                __eeprom_end = .

.fuse
 *(.fuse)
 *(.lfuse)
 *(.hfuse)
 *(.efuse)

.lock
 *(.lock*)

.signature
 *(.signature*)

.user_signatures
 *(.user_signatures*)

.stab
 *(.stab)

.stabstr
 *(.stabstr)

.stab.excl
 *(.stab.excl)

.stab.exclstr
 *(.stab.exclstr)

.stab.index
 *(.stab.index)

.stab.indexstr
 *(.stab.indexstr)

.comment        0x00000000       0x30
 *(.comment)
 .comment       0x00000000       0x30 crc8.o
                                 0x31 (size before relaxing)
 .comment       0x00000030       0x31 ESC_BLHeli.o
 .comment       0x00000030       0x31 ESC_SimonK.o
 .comment       0x00000030       0x31 heap_1.o
 .comment       0x00000030       0x31 list.o
 .comment       0x00000030       0x31 LPC_Slave.o
 .comment       0x00000030       0x31 main.o
 .comment       0x00000030       0x31 MCAL_TIMER0.o
 .comment       0x00000030       0x31 MCAL_TIMER2.o
 .comment       0x00000030       0x31 port.o
 .comment       0x00000030       0x31 SPI_Slave.o
 .comment       0x00000030       0x31 StateSpaceController_SL.o
 .comment       0x00000030       0x31 tasks.o
 .comment       0x00000030       0x31 c:/program files (x86)/atmel/studio/7.0/toolchain/avr8/avr8-gnu-toolchain/bin/../lib/gcc/avr/5.4.0/../../../../avr/lib/avr5\libc.a(malloc.o)

.note.gnu.avr.deviceinfo
                0x00000000       0x40
 .note.gnu.avr.deviceinfo
                0x00000000       0x40 C:/Program Files (x86)/Atmel/Studio/7.0/Packs/atmel/ATmega_DFP/1.6.364/gcc/dev/atmega328p/avr5/crtatmega328p.o

.note.gnu.build-id
 *(.note.gnu.build-id)

.debug
 *(.debug)

.line
 *(.line)

.debug_srcinfo
 *(.debug_srcinfo)

.debug_sfnames
 *(.debug_sfnames)

.debug_aranges  0x00000000      0x420
 *(.debug_aranges)
 .debug_aranges
                0x00000000       0x20 crc8.o
 .debug_aranges
                0x00000020       0x28 ESC_BLHeli.o
 .debug_aranges
                0x00000048       0x28 ESC_SimonK.o
 .debug_aranges
                0x00000070       0x38 heap_1.o
 .debug_aranges
                0x000000a8       0x40 list.o
 .debug_aranges
                0x000000e8       0x68 LPC_Slave.o
 .debug_aranges
                0x00000150       0x30 main.o
 .debug_aranges
                0x00000180       0x40 MCAL_TIMER0.o
 .debug_aranges
                0x000001c0       0x40 MCAL_TIMER2.o
 .debug_aranges
                0x00000200       0x50 port.o
 .debug_aranges
                0x00000250       0x30 SPI_Slave.o
 .debug_aranges
                0x00000280       0x40 StateSpaceController_SL.o
 .debug_aranges
                0x000002c0      0x160 tasks.o

.debug_pubnames
 *(.debug_pubnames)

.debug_info     0x00000000     0x403d
 *(.debug_info .gnu.linkonce.wi.*)
 .debug_info    0x00000000      0x5f4 C:/Program Files (x86)/Atmel/Studio/7.0/Packs/atmel/ATmega_DFP/1.6.364/gcc/dev/atmega328p/avr5/crtatmega328p.o
 .debug_info    0x000005f4      0x107 crc8.o
 .debug_info    0x000006fb      0x1a5 ESC_BLHeli.o
 .debug_info    0x000008a0      0x1a5 ESC_SimonK.o
 .debug_info    0x00000a45      0x1a0 heap_1.o
 .debug_info    0x00000be5      0x2d8 list.o
 .debug_info    0x00000ebd      0x57d LPC_Slave.o
 .debug_info    0x0000143a      0x596 main.o
 .debug_info    0x000019d0      0x1e6 MCAL_TIMER0.o
 .debug_info    0x00001bb6      0x1f2 MCAL_TIMER2.o
 .debug_info    0x00001da8      0x24e port.o
 .debug_info    0x00001ff6       0xd8 SPI_Slave.o
 .debug_info    0x000020ce      0x5ce StateSpaceController_SL.o
 .debug_info    0x0000269c     0x19a1 tasks.o

.debug_abbrev   0x00000000     0x15bc
 *(.debug_abbrev)
 .debug_abbrev  0x00000000      0x5a2 C:/Program Files (x86)/Atmel/Studio/7.0/Packs/atmel/ATmega_DFP/1.6.364/gcc/dev/atmega328p/avr5/crtatmega328p.o
 .debug_abbrev  0x000005a2       0xba crc8.o
 .debug_abbrev  0x0000065c       0xf5 ESC_BLHeli.o
 .debug_abbrev  0x00000751       0xf5 ESC_SimonK.o
 .debug_abbrev  0x00000846      0x136 heap_1.o
 .debug_abbrev  0x0000097c       0xff list.o
 .debug_abbrev  0x00000a7b      0x224 LPC_Slave.o
 .debug_abbrev  0x00000c9f      0x16b main.o
 .debug_abbrev  0x00000e0a      0x111 MCAL_TIMER0.o
 .debug_abbrev  0x00000f1b      0x111 MCAL_TIMER2.o
 .debug_abbrev  0x0000102c      0x143 port.o
 .debug_abbrev  0x0000116f       0x89 SPI_Slave.o
 .debug_abbrev  0x000011f8      0x130 StateSpaceController_SL.o
 .debug_abbrev  0x00001328      0x294 tasks.o

.debug_line     0x00000000     0x24f2
 *(.debug_line .debug_line.* .debug_line_end)
 .debug_line    0x00000000      0x134 C:/Program Files (x86)/Atmel/Studio/7.0/Packs/atmel/ATmega_DFP/1.6.364/gcc/dev/atmega328p/avr5/crtatmega328p.o
 .debug_line    0x00000134       0xd3 crc8.o
 .debug_line    0x00000207       0xf2 ESC_BLHeli.o
 .debug_line    0x000002f9       0xf2 ESC_SimonK.o
 .debug_line    0x000003eb      0x13f heap_1.o
 .debug_line    0x0000052a      0x1de list.o
 .debug_line    0x00000708      0x325 LPC_Slave.o
 .debug_line    0x00000a2d      0x1eb main.o
 .debug_line    0x00000c18      0x1d3 MCAL_TIMER0.o
 .debug_line    0x00000deb      0x1f7 MCAL_TIMER2.o
 .debug_line    0x00000fe2      0x2ab port.o
 .debug_line    0x0000128d      0x126 SPI_Slave.o
 .debug_line    0x000013b3      0x222 StateSpaceController_SL.o
 .debug_line    0x000015d5      0xf1d tasks.o

.debug_frame    0x00000000      0xc20
 *(.debug_frame)
 .debug_frame   0x00000000       0x24 crc8.o
 .debug_frame   0x00000024       0x5c ESC_BLHeli.o
 .debug_frame   0x00000080       0x5c ESC_SimonK.o
 .debug_frame   0x000000dc       0x60 heap_1.o
 .debug_frame   0x0000013c       0x88 list.o
 .debug_frame   0x000001c4       0xf8 LPC_Slave.o
 .debug_frame   0x000002bc       0x54 main.o
 .debug_frame   0x00000310       0x94 MCAL_TIMER0.o
 .debug_frame   0x000003a4       0xac MCAL_TIMER2.o
 .debug_frame   0x00000450       0x84 port.o
 .debug_frame   0x000004d4       0x44 SPI_Slave.o
 .debug_frame   0x00000518      0x198 StateSpaceController_SL.o
 .debug_frame   0x000006b0      0x570 tasks.o

.debug_str      0x00000000     0x1607
 *(.debug_str)
 .debug_str     0x00000000      0x208 C:/Program Files (x86)/Atmel/Studio/7.0/Packs/atmel/ATmega_DFP/1.6.364/gcc/dev/atmega328p/avr5/crtatmega328p.o
 .debug_str     0x00000208      0x14b crc8.o
                                0x18b (size before relaxing)
 .debug_str     0x00000353       0xd2 ESC_BLHeli.o
                                0x22a (size before relaxing)
 .debug_str     0x00000425       0xb6 ESC_SimonK.o
                                0x22a (size before relaxing)
 .debug_str     0x000004db       0xb9 heap_1.o
                                0x211 (size before relaxing)
 .debug_str     0x00000594      0x149 list.o
                                0x2a7 (size before relaxing)
 .debug_str     0x000006dd      0x1ba LPC_Slave.o
                                0x347 (size before relaxing)
 .debug_str     0x00000897      0x1ac main.o
                                0x437 (size before relaxing)
 .debug_str     0x00000a43       0xd8 MCAL_TIMER0.o
                                0x293 (size before relaxing)
 .debug_str     0x00000b1b       0x9a MCAL_TIMER2.o
                                0x2ac (size before relaxing)
 .debug_str     0x00000bb5      0x10c port.o
                                0x2a1 (size before relaxing)
 .debug_str     0x00000cc1       0x17 SPI_Slave.o
                                0x197 (size before relaxing)
 .debug_str     0x00000cd8       0xc6 StateSpaceController_SL.o
                                0x24c (size before relaxing)
 .debug_str     0x00000d9e      0x869 tasks.o
                                0xcc7 (size before relaxing)

.debug_loc      0x00000000     0x390a
 *(.debug_loc)
 .debug_loc     0x00000000       0x6b crc8.o
 .debug_loc     0x0000006b       0xc9 ESC_BLHeli.o
 .debug_loc     0x00000134       0xc9 ESC_SimonK.o
 .debug_loc     0x000001fd       0xf1 heap_1.o
 .debug_loc     0x000002ee      0x145 list.o
 .debug_loc     0x00000433      0x45e LPC_Slave.o
 .debug_loc     0x00000891       0x93 main.o
 .debug_loc     0x00000924      0x1fc MCAL_TIMER0.o
 .debug_loc     0x00000b20      0x24e MCAL_TIMER2.o
 .debug_loc     0x00000d6e      0x2a0 port.o
 .debug_loc     0x0000100e       0x53 SPI_Slave.o
 .debug_loc     0x00001061      0x91e StateSpaceController_SL.o
 .debug_loc     0x0000197f     0x1f8b tasks.o

.debug_macinfo
 *(.debug_macinfo)

.debug_weaknames
 *(.debug_weaknames)

.debug_funcnames
 *(.debug_funcnames)

.debug_typenames
 *(.debug_typenames)

.debug_varnames
 *(.debug_varnames)

.debug_pubtypes
 *(.debug_pubtypes)

.debug_ranges   0x00000000      0x430
 *(.debug_ranges)
 .debug_ranges  0x00000000       0x28 crc8.o
 .debug_ranges  0x00000028       0x18 ESC_BLHeli.o
 .debug_ranges  0x00000040       0x18 ESC_SimonK.o
 .debug_ranges  0x00000058       0x28 heap_1.o
 .debug_ranges  0x00000080       0x30 list.o
 .debug_ranges  0x000000b0       0xc8 LPC_Slave.o
 .debug_ranges  0x00000178       0x20 main.o
 .debug_ranges  0x00000198       0x30 MCAL_TIMER0.o
 .debug_ranges  0x000001c8       0x30 MCAL_TIMER2.o
 .debug_ranges  0x000001f8       0x40 port.o
 .debug_ranges  0x00000238       0x20 SPI_Slave.o
 .debug_ranges  0x00000258       0x48 StateSpaceController_SL.o
 .debug_ranges  0x000002a0      0x190 tasks.o

.debug_macro
 *(.debug_macro)
OUTPUT(GccApplication1.elf elf32-avr)
LOAD linker stubs
